423a26a 2026-09-24 adicionando CSS
3752422 2026-09-24 terminando a tabela simples
1ec2aa1 2026-09-24 tabela simples com cabeçalho
612c1dd 2026-09-24 estrutura de tabelas
9e23ba6 2026-09-18 Atualiza documentação e restaura imagens do Game Zone
59bfd60 2026-09-18 Simplifica site Game Zone para atividade
dca04bd 2026-09-18 perf: otimiza banner e identidade visual
46ccc66 2026-09-18 assets: adiciona imagens otimizadas aos artigos
bfc63ad 2026-09-17 docs: atualiza detalhes da versão editorial
e025dff 2026-09-17 fix: adiciona identidade visual às abas
11816e7 2026-09-17 content: aprofunda os artigos do blog
c4de165 2026-09-17 refactor: adota layout editorial no GameZone
6ef17b9 2026-09-17 docs: atualiza documentacao final do projeto
8bfb446 2026-09-17 feat: adiciona interacoes do menu e formulario
53d1ac7 2026-09-17 style: aplica identidade visual e layout responsivo
9abdb11 2026-09-17 feat: estrutura as paginas do blog GameZone
ac8997f 2026-09-17 Organiza atividades das aulas 10 e 13
e1e9ec7 2026-09-17 Ajusta texto natural da atividade 9
e438bd9 2026-09-17 Finaliza texto da atividade 9
7f492a1 2026-09-17 Refina atividade 9 no exercício 5
1df91dd 2026-09-17 Atualiza atividade 9 no exercício 5
48b7ad8 2026-09-17 Finaliza o exercício 5
a5bba09 2026-09-17 Ajusta estilos do exercício 5
df9f903 2026-09-17 Estrutura inicial do exercício 5
93dadb1 2026-09-17 Entrega exercício 5
d1e22f0 2026-09-04 Aula 03 - Semântica na Web (HTML5) -- Concluida
8493327 2026-09-04 Bloco 7 concluido
c82664d 2026-09-03 Atividade Aula 02 - Introdução básica ao HTML e CSS --  Finalizada!!
d14f2af 2026-09-03 Bloco 5 concluido
9b6af0d 2026-09-03 Bloco 2 concluido
06d9e68 2026-09-03 Bloco 1 concluido
e54806c 2026-08-13 feat: encerramento do dossiê e documentação da SA01
ec1698c 2026-08-13 Adiciona wireframes à documentação do projeto
32c2279 2026-08-13 Adiciona créditos dos assets
fcf7062 2026-08-13 Adiciona imagens do GameZone
3c55d68 2026-08-13 Organiza estrutura e adiciona ícones do GameZone
64926dd 2026-08-13 Organiza estrutura do projeto e adiciona ícones
a1253b1 2026-08-07 atualizando o README.md
f4f8542 2026-08-07 corrigindo erros
82e67a1 2026-07-30 docs: ajusta formatacao das notas de estudo
8ecf2fc 2026-07-30 docs: insere secao de requisitos no README
8ec2dc6 2026-07-30 docs: adiciona documentacao inicial do projeto e notas de estudo
